[05-Sep-2025 09:39:15 Asia/Kolkata] === CONTROLLER DEBUG START ===
[05-Sep-2025 09:39:15 Asia/Kolkata] Raw input amounts:
[05-Sep-2025 09:39:15 Asia/Kolkata] Raw amount: 1
[05-Sep-2025 09:39:15 Asia/Kolkata] Raw discount: 0
[05-Sep-2025 09:39:15 Asia/Kolkata] Raw fine: 0.00
[05-Sep-2025 09:39:15 Asia/Kolkata] Final amounts after conversion:
[05-Sep-2025 09:39:15 Asia/Kolkata] Final amount: 1
[05-Sep-2025 09:39:15 Asia/Kolkata] Final discount: 0
[05-Sep-2025 09:39:15 Asia/Kolkata] Final fine: 0
[05-Sep-2025 09:39:15 Asia/Kolkata] JSON array created:
[05-Sep-2025 09:39:15 Asia/Kolkata] Array
(
    [amount] => 1
    [amount_discount] => 0
    [amount_fine] => 0
    [date] => 2025-09-05
    [description] => 
    [collected_by] => Super Admin(9000)
    [payment_mode] => Cash
    [received_by] => 1
)

[05-Sep-2025 09:39:15 Asia/Kolkata] === COMPREHENSIVE ADVANCE PAYMENT DEBUG ===
[05-Sep-2025 09:39:15 Asia/Kolkata] Raw input amount: "1"
[05-Sep-2025 09:39:15 Asia/Kolkata] Final amount after conversion: 1
[05-Sep-2025 09:39:15 Asia/Kolkata] Original amount for advance calc: 1
[05-Sep-2025 09:39:15 Asia/Kolkata] Available advance balance: 39388
[05-Sep-2025 09:39:15 Asia/Kolkata] Student session ID: 8
[05-Sep-2025 09:39:15 Asia/Kolkata] min(advance_balance, original_amount) = min(39388, 1) = 1
[05-Sep-2025 09:39:15 Asia/Kolkata] Advance to apply: 1
[05-Sep-2025 09:39:15 Asia/Kolkata] Remaining amount after advance: 0
[05-Sep-2025 09:39:15 Asia/Kolkata] JSON array amount set to: 0
[05-Sep-2025 09:39:15 Asia/Kolkata] JSON array advance_applied set to: 1
[05-Sep-2025 09:39:15 Asia/Kolkata] JSON array original_amount set to: 1
[05-Sep-2025 09:39:15 Asia/Kolkata] Updated data amount_detail: Array
(
    [amount] => 0
    [amount_discount] => 0
    [amount_fine] => 0
    [date] => 2025-09-05
    [description] => 
    [collected_by] => Super Admin(9000)
    [payment_mode] => Cash
    [received_by] => 1
    [advance_applied] => 1
    [original_amount] => 1
)

[05-Sep-2025 09:39:15 Asia/Kolkata] === FEE DEPOSIT DEBUG START ===
[05-Sep-2025 09:39:15 Asia/Kolkata] Input data to fee_deposit:
[05-Sep-2025 09:39:15 Asia/Kolkata] Array
(
    [fee_category] => fees
    [student_fees_master_id] => 44
    [fee_groups_feetype_id] => 27
    [student_session_id] => 
    [amount_detail] => Array
        (
            [amount] => 0
            [amount_discount] => 0
            [amount_fine] => 0
            [date] => 2025-09-05
            [description] => 
            [collected_by] => Super Admin(9000)
            [payment_mode] => Cash
            [received_by] => 1
            [advance_applied] => 1
            [original_amount] => 1
        )

)

[05-Sep-2025 09:39:15 Asia/Kolkata] Amount detail structure:
[05-Sep-2025 09:39:15 Asia/Kolkata] Array
(
    [amount] => 0
    [amount_discount] => 0
    [amount_fine] => 0
    [date] => 2025-09-05
    [description] => 
    [collected_by] => Super Admin(9000)
    [payment_mode] => Cash
    [received_by] => 1
    [advance_applied] => 1
    [original_amount] => 1
)

[05-Sep-2025 09:39:15 Asia/Kolkata] Amount value: 0
[05-Sep-2025 09:39:15 Asia/Kolkata] Amount type: double
[05-Sep-2025 09:39:15 Asia/Kolkata] === BEFORE JSON ENCODING ===
[05-Sep-2025 09:39:15 Asia/Kolkata] Amount detail before encoding:
[05-Sep-2025 09:39:15 Asia/Kolkata] Array
(
    [amount] => 0
    [amount_discount] => 0
    [amount_fine] => 0
    [date] => 2025-09-05
    [description] => 
    [collected_by] => Super Admin(9000)
    [payment_mode] => Cash
    [received_by] => 1
    [advance_applied] => 1
    [original_amount] => 1
    [inv_no] => 1
)

[05-Sep-2025 09:39:15 Asia/Kolkata] === AFTER JSON ENCODING ===
[05-Sep-2025 09:39:15 Asia/Kolkata] Final JSON string: {"1":{"amount":0,"amount_discount":0,"amount_fine":0,"date":"2025-09-05","description":"","collected_by":"Super Admin(9000)","payment_mode":"Cash","received_by":"1","advance_applied":1,"original_amount":1,"inv_no":1}}
[05-Sep-2025 09:39:15 Asia/Kolkata] === AFTER INSERT ===
[05-Sep-2025 09:39:15 Asia/Kolkata] Inserted ID: 55
[05-Sep-2025 09:39:15 Asia/Kolkata] Last query: INSERT INTO `student_fees_deposite` (`student_fees_master_id`, `fee_groups_feetype_id`, `student_session_id`, `amount_detail`) VALUES ('44', '27', NULL, '{\"1\":{\"amount\":0,\"amount_discount\":0,\"amount_fine\":0,\"date\":\"2025-09-05\",\"description\":\"\",\"collected_by\":\"Super Admin(9000)\",\"payment_mode\":\"Cash\",\"received_by\":\"1\",\"advance_applied\":1,\"original_amount\":1,\"inv_no\":1}}')
=== APPLICATION LOG TEST ===Current time: 2025-09-05 06:12:12Test message: Application logging is working![05-Sep-2025 09:43:55 Asia/Kolkata] === CURRENCY CONVERSION DEBUG ===
[05-Sep-2025 09:43:55 Asia/Kolkata] Input amount: 3
[05-Sep-2025 09:43:55 Asia/Kolkata] Currency price from getSchoolCurrencyPrice(): 1
[05-Sep-2025 09:43:55 Asia/Kolkata] Currency price type: string
[05-Sep-2025 09:43:55 Asia/Kolkata] ❌ WARNING: convertCurrencyFormatToBaseAmount received invalid currency_price: 1
[05-Sep-2025 09:43:55 Asia/Kolkata] ✅ APPLIED FIX: 3 * 1000 = 3000
[05-Sep-2025 09:43:55 Asia/Kolkata] This ensures advance payment calculations work with proper base amounts
[05-Sep-2025 09:43:55 Asia/Kolkata] === CURRENCY CONVERSION DEBUG ===
[05-Sep-2025 09:43:55 Asia/Kolkata] Input amount: 0
[05-Sep-2025 09:43:55 Asia/Kolkata] Currency price from getSchoolCurrencyPrice(): 1
[05-Sep-2025 09:43:55 Asia/Kolkata] Currency price type: string
[05-Sep-2025 09:43:55 Asia/Kolkata] ❌ WARNING: convertCurrencyFormatToBaseAmount received invalid currency_price: 1
[05-Sep-2025 09:43:55 Asia/Kolkata] ✅ APPLIED FIX: 0 * 1000 = 0
[05-Sep-2025 09:43:55 Asia/Kolkata] This ensures advance payment calculations work with proper base amounts
[05-Sep-2025 09:43:55 Asia/Kolkata] === CURRENCY CONVERSION DEBUG ===
[05-Sep-2025 09:43:55 Asia/Kolkata] Input amount: 0
[05-Sep-2025 09:43:55 Asia/Kolkata] Currency price from getSchoolCurrencyPrice(): 1
[05-Sep-2025 09:43:55 Asia/Kolkata] Currency price type: string
[05-Sep-2025 09:43:55 Asia/Kolkata] ❌ WARNING: convertCurrencyFormatToBaseAmount received invalid currency_price: 1
[05-Sep-2025 09:43:55 Asia/Kolkata] ✅ APPLIED FIX: 0 * 1000 = 0
[05-Sep-2025 09:43:55 Asia/Kolkata] This ensures advance payment calculations work with proper base amounts
[05-Sep-2025 09:43:55 Asia/Kolkata] === CONTROLLER DEBUG START ===
[05-Sep-2025 09:43:55 Asia/Kolkata] Raw input amounts:
[05-Sep-2025 09:43:55 Asia/Kolkata] Raw amount: 3
[05-Sep-2025 09:43:55 Asia/Kolkata] Raw discount: 0
[05-Sep-2025 09:43:55 Asia/Kolkata] Raw fine: 0.00
[05-Sep-2025 09:43:55 Asia/Kolkata] Final amounts after conversion:
[05-Sep-2025 09:43:55 Asia/Kolkata] Final amount: 3000
[05-Sep-2025 09:43:55 Asia/Kolkata] Final discount: 0
[05-Sep-2025 09:43:55 Asia/Kolkata] Final fine: 0
[05-Sep-2025 09:43:55 Asia/Kolkata] JSON array created:
[05-Sep-2025 09:43:55 Asia/Kolkata] Array
(
    [amount] => 3000
    [amount_discount] => 0
    [amount_fine] => 0
    [date] => 2025-09-05
    [description] => 
    [collected_by] => Super Admin(9000)
    [payment_mode] => Cash
    [received_by] => 1
)

[05-Sep-2025 09:43:55 Asia/Kolkata] === COMPREHENSIVE ADVANCE PAYMENT DEBUG ===
[05-Sep-2025 09:43:55 Asia/Kolkata] Raw input amount: "3"
[05-Sep-2025 09:43:55 Asia/Kolkata] Final amount after conversion: 3000
[05-Sep-2025 09:43:55 Asia/Kolkata] Original amount for advance calc: 3000
[05-Sep-2025 09:43:55 Asia/Kolkata] Available advance balance: 39387
[05-Sep-2025 09:43:55 Asia/Kolkata] Student session ID: 8
[05-Sep-2025 09:43:55 Asia/Kolkata] min(advance_balance, original_amount) = min(39387, 3000) = 3000
[05-Sep-2025 09:43:55 Asia/Kolkata] Advance to apply: 3000
[05-Sep-2025 09:43:55 Asia/Kolkata] Remaining amount after advance: 0
[05-Sep-2025 09:43:55 Asia/Kolkata] JSON array amount set to: 0
[05-Sep-2025 09:43:55 Asia/Kolkata] JSON array advance_applied set to: 3000
[05-Sep-2025 09:43:55 Asia/Kolkata] JSON array original_amount set to: 3000
[05-Sep-2025 09:43:55 Asia/Kolkata] Updated data amount_detail: Array
(
    [amount] => 0
    [amount_discount] => 0
    [amount_fine] => 0
    [date] => 2025-09-05
    [description] => 
    [collected_by] => Super Admin(9000)
    [payment_mode] => Cash
    [received_by] => 1
    [advance_applied] => 3000
    [original_amount] => 3000
)

[05-Sep-2025 09:43:55 Asia/Kolkata] === FEE DEPOSIT DEBUG START ===
[05-Sep-2025 09:43:55 Asia/Kolkata] Input data to fee_deposit:
[05-Sep-2025 09:43:55 Asia/Kolkata] Array
(
    [fee_category] => fees
    [student_fees_master_id] => 44
    [fee_groups_feetype_id] => 27
    [student_session_id] => 
    [amount_detail] => Array
        (
            [amount] => 0
            [amount_discount] => 0
            [amount_fine] => 0
            [date] => 2025-09-05
            [description] => 
            [collected_by] => Super Admin(9000)
            [payment_mode] => Cash
            [received_by] => 1
            [advance_applied] => 3000
            [original_amount] => 3000
        )

)

[05-Sep-2025 09:43:55 Asia/Kolkata] Amount detail structure:
[05-Sep-2025 09:43:55 Asia/Kolkata] Array
(
    [amount] => 0
    [amount_discount] => 0
    [amount_fine] => 0
    [date] => 2025-09-05
    [description] => 
    [collected_by] => Super Admin(9000)
    [payment_mode] => Cash
    [received_by] => 1
    [advance_applied] => 3000
    [original_amount] => 3000
)

[05-Sep-2025 09:43:55 Asia/Kolkata] Amount value: 0
[05-Sep-2025 09:43:55 Asia/Kolkata] Amount type: double
[05-Sep-2025 09:44:28 Asia/Kolkata] === CURRENCY CONVERSION DEBUG ===
[05-Sep-2025 09:44:28 Asia/Kolkata] Input amount: 1200
[05-Sep-2025 09:44:28 Asia/Kolkata] Currency price from getSchoolCurrencyPrice(): 1
[05-Sep-2025 09:44:28 Asia/Kolkata] Currency price type: string
[05-Sep-2025 09:44:28 Asia/Kolkata] ❌ WARNING: convertCurrencyFormatToBaseAmount received invalid currency_price: 1
[05-Sep-2025 09:44:28 Asia/Kolkata] ✅ APPLIED FIX: 1200 * 1000 = 1200000
[05-Sep-2025 09:44:28 Asia/Kolkata] This ensures advance payment calculations work with proper base amounts
[05-Sep-2025 09:44:28 Asia/Kolkata] === CURRENCY CONVERSION DEBUG ===
[05-Sep-2025 09:44:28 Asia/Kolkata] Input amount: 0
[05-Sep-2025 09:44:28 Asia/Kolkata] Currency price from getSchoolCurrencyPrice(): 1
[05-Sep-2025 09:44:28 Asia/Kolkata] Currency price type: string
[05-Sep-2025 09:44:28 Asia/Kolkata] ❌ WARNING: convertCurrencyFormatToBaseAmount received invalid currency_price: 1
[05-Sep-2025 09:44:28 Asia/Kolkata] ✅ APPLIED FIX: 0 * 1000 = 0
[05-Sep-2025 09:44:28 Asia/Kolkata] This ensures advance payment calculations work with proper base amounts
[05-Sep-2025 09:44:28 Asia/Kolkata] === CURRENCY CONVERSION DEBUG ===
[05-Sep-2025 09:44:28 Asia/Kolkata] Input amount: 0
[05-Sep-2025 09:44:28 Asia/Kolkata] Currency price from getSchoolCurrencyPrice(): 1
[05-Sep-2025 09:44:28 Asia/Kolkata] Currency price type: string
[05-Sep-2025 09:44:28 Asia/Kolkata] ❌ WARNING: convertCurrencyFormatToBaseAmount received invalid currency_price: 1
[05-Sep-2025 09:44:28 Asia/Kolkata] ✅ APPLIED FIX: 0 * 1000 = 0
[05-Sep-2025 09:44:28 Asia/Kolkata] This ensures advance payment calculations work with proper base amounts
[05-Sep-2025 09:44:28 Asia/Kolkata] === CONTROLLER DEBUG START ===
[05-Sep-2025 09:44:28 Asia/Kolkata] Raw input amounts:
[05-Sep-2025 09:44:28 Asia/Kolkata] Raw amount: 1200.00
[05-Sep-2025 09:44:28 Asia/Kolkata] Raw discount: 0
[05-Sep-2025 09:44:28 Asia/Kolkata] Raw fine: 0.00
[05-Sep-2025 09:44:28 Asia/Kolkata] Final amounts after conversion:
[05-Sep-2025 09:44:28 Asia/Kolkata] Final amount: 1200000
[05-Sep-2025 09:44:28 Asia/Kolkata] Final discount: 0
[05-Sep-2025 09:44:28 Asia/Kolkata] Final fine: 0
[05-Sep-2025 09:44:28 Asia/Kolkata] JSON array created:
[05-Sep-2025 09:44:28 Asia/Kolkata] Array
(
    [amount] => 1200000
    [amount_discount] => 0
    [amount_fine] => 0
    [date] => 2025-09-05
    [description] => 
    [collected_by] => Super Admin(9000)
    [payment_mode] => Cash
    [received_by] => 1
)

[05-Sep-2025 09:44:28 Asia/Kolkata] === COMPREHENSIVE ADVANCE PAYMENT DEBUG ===
[05-Sep-2025 09:44:28 Asia/Kolkata] Raw input amount: "1200.00"
[05-Sep-2025 09:44:28 Asia/Kolkata] Final amount after conversion: 1200000
[05-Sep-2025 09:44:28 Asia/Kolkata] Original amount for advance calc: 1200000
[05-Sep-2025 09:44:28 Asia/Kolkata] Available advance balance: 36387
[05-Sep-2025 09:44:28 Asia/Kolkata] Student session ID: 8
[05-Sep-2025 09:44:28 Asia/Kolkata] min(advance_balance, original_amount) = min(36387, 1200000) = 36387
[05-Sep-2025 09:44:28 Asia/Kolkata] Advance to apply: 36387
[05-Sep-2025 09:44:28 Asia/Kolkata] Remaining amount after advance: 1163613
[05-Sep-2025 09:44:28 Asia/Kolkata] JSON array amount set to: 1163613
[05-Sep-2025 09:44:28 Asia/Kolkata] JSON array advance_applied set to: 36387
[05-Sep-2025 09:44:28 Asia/Kolkata] JSON array original_amount set to: 1200000
[05-Sep-2025 09:44:28 Asia/Kolkata] Updated data amount_detail: Array
(
    [amount] => 1163613
    [amount_discount] => 0
    [amount_fine] => 0
    [date] => 2025-09-05
    [description] => 
    [collected_by] => Super Admin(9000)
    [payment_mode] => Cash
    [received_by] => 1
    [advance_applied] => 36387
    [original_amount] => 1200000
)

[05-Sep-2025 09:44:28 Asia/Kolkata] === FEE DEPOSIT DEBUG START ===
[05-Sep-2025 09:44:28 Asia/Kolkata] Input data to fee_deposit:
[05-Sep-2025 09:44:28 Asia/Kolkata] Array
(
    [fee_category] => fees
    [student_fees_master_id] => 44
    [fee_groups_feetype_id] => 27
    [student_session_id] => 
    [amount_detail] => Array
        (
            [amount] => 1163613
            [amount_discount] => 0
            [amount_fine] => 0
            [date] => 2025-09-05
            [description] => 
            [collected_by] => Super Admin(9000)
            [payment_mode] => Cash
            [received_by] => 1
            [advance_applied] => 36387
            [original_amount] => 1200000
        )

)

[05-Sep-2025 09:44:28 Asia/Kolkata] Amount detail structure:
[05-Sep-2025 09:44:28 Asia/Kolkata] Array
(
    [amount] => 1163613
    [amount_discount] => 0
    [amount_fine] => 0
    [date] => 2025-09-05
    [description] => 
    [collected_by] => Super Admin(9000)
    [payment_mode] => Cash
    [received_by] => 1
    [advance_applied] => 36387
    [original_amount] => 1200000
)

[05-Sep-2025 09:44:28 Asia/Kolkata] Amount value: 1163613
[05-Sep-2025 09:44:28 Asia/Kolkata] Amount type: double
[05-Sep-2025 09:44:28 Asia/Kolkata] === BEFORE JSON ENCODING ===
[05-Sep-2025 09:44:28 Asia/Kolkata] Amount detail before encoding:
[05-Sep-2025 09:44:28 Asia/Kolkata] Array
(
    [amount] => 1163613
    [amount_discount] => 0
    [amount_fine] => 0
    [date] => 2025-09-05
    [description] => 
    [collected_by] => Super Admin(9000)
    [payment_mode] => Cash
    [received_by] => 1
    [advance_applied] => 36387
    [original_amount] => 1200000
    [inv_no] => 1
)

[05-Sep-2025 09:44:28 Asia/Kolkata] === AFTER JSON ENCODING ===
[05-Sep-2025 09:44:28 Asia/Kolkata] Final JSON string: {"1":{"amount":1163613,"amount_discount":0,"amount_fine":0,"date":"2025-09-05","description":"","collected_by":"Super Admin(9000)","payment_mode":"Cash","received_by":"1","advance_applied":36387,"original_amount":1200000,"inv_no":1}}
[05-Sep-2025 09:44:28 Asia/Kolkata] === AFTER INSERT ===
[05-Sep-2025 09:44:28 Asia/Kolkata] Inserted ID: 56
[05-Sep-2025 09:44:28 Asia/Kolkata] Last query: INSERT INTO `student_fees_deposite` (`student_fees_master_id`, `fee_groups_feetype_id`, `student_session_id`, `amount_detail`) VALUES ('44', '27', NULL, '{\"1\":{\"amount\":1163613,\"amount_discount\":0,\"amount_fine\":0,\"date\":\"2025-09-05\",\"description\":\"\",\"collected_by\":\"Super Admin(9000)\",\"payment_mode\":\"Cash\",\"received_by\":\"1\",\"advance_applied\":36387,\"original_amount\":1200000,\"inv_no\":1}}')
[05-Sep-2025 09:52:07 Asia/Kolkata] === CURRENCY CONVERSION DEBUG ===
[05-Sep-2025 09:52:07 Asia/Kolkata] Input amount: 2
[05-Sep-2025 09:52:07 Asia/Kolkata] Currency price from getSchoolCurrencyPrice(): 1
[05-Sep-2025 09:52:07 Asia/Kolkata] Currency price type: string
[05-Sep-2025 09:52:07 Asia/Kolkata] ✅ CURRENCY DEBUG: Base price is 1, no conversion needed. Amount: 2 -> 2
[05-Sep-2025 09:52:07 Asia/Kolkata] === CURRENCY CONVERSION DEBUG ===
[05-Sep-2025 09:52:07 Asia/Kolkata] Input amount: 0
[05-Sep-2025 09:52:07 Asia/Kolkata] Currency price from getSchoolCurrencyPrice(): 1
[05-Sep-2025 09:52:07 Asia/Kolkata] Currency price type: string
[05-Sep-2025 09:52:07 Asia/Kolkata] ✅ CURRENCY DEBUG: Base price is 1, no conversion needed. Amount: 0 -> 0
[05-Sep-2025 09:52:07 Asia/Kolkata] === CURRENCY CONVERSION DEBUG ===
[05-Sep-2025 09:52:07 Asia/Kolkata] Input amount: 0
[05-Sep-2025 09:52:07 Asia/Kolkata] Currency price from getSchoolCurrencyPrice(): 1
[05-Sep-2025 09:52:07 Asia/Kolkata] Currency price type: string
[05-Sep-2025 09:52:07 Asia/Kolkata] ✅ CURRENCY DEBUG: Base price is 1, no conversion needed. Amount: 0 -> 0
[05-Sep-2025 09:52:07 Asia/Kolkata] === CONTROLLER DEBUG START ===
[05-Sep-2025 09:52:07 Asia/Kolkata] Raw input amounts:
[05-Sep-2025 09:52:07 Asia/Kolkata] Raw amount: 2
[05-Sep-2025 09:52:07 Asia/Kolkata] Raw discount: 0
[05-Sep-2025 09:52:07 Asia/Kolkata] Raw fine: 0.00
[05-Sep-2025 09:52:07 Asia/Kolkata] Final amounts after conversion:
[05-Sep-2025 09:52:07 Asia/Kolkata] Final amount: 2
[05-Sep-2025 09:52:07 Asia/Kolkata] Final discount: 0
[05-Sep-2025 09:52:07 Asia/Kolkata] Final fine: 0
[05-Sep-2025 09:52:07 Asia/Kolkata] JSON array created:
[05-Sep-2025 09:52:07 Asia/Kolkata] Array
(
    [amount] => 2
    [amount_discount] => 0
    [amount_fine] => 0
    [date] => 2025-09-05
    [description] => 
    [collected_by] => Super Admin(9000)
    [payment_mode] => Cash
    [received_by] => 1
)

[05-Sep-2025 09:52:07 Asia/Kolkata] === COMPREHENSIVE ADVANCE PAYMENT DEBUG ===
[05-Sep-2025 09:52:07 Asia/Kolkata] Raw input amount: "2"
[05-Sep-2025 09:52:07 Asia/Kolkata] Final amount after conversion: 2
[05-Sep-2025 09:52:07 Asia/Kolkata] Original amount for advance calc: 2
[05-Sep-2025 09:52:07 Asia/Kolkata] Available advance balance: 0
[05-Sep-2025 09:52:07 Asia/Kolkata] Student session ID: 8
[05-Sep-2025 09:52:07 Asia/Kolkata] min(advance_balance, original_amount) = min(0, 2) = 0
[05-Sep-2025 09:52:07 Asia/Kolkata] ❌ Advance payment NOT applied because:
[05-Sep-2025 09:52:07 Asia/Kolkata] advance_balance > 0: FALSE
[05-Sep-2025 09:52:07 Asia/Kolkata] original_amount > 0: TRUE
[05-Sep-2025 09:52:07 Asia/Kolkata] === FEE DEPOSIT DEBUG START ===
[05-Sep-2025 09:52:07 Asia/Kolkata] Input data to fee_deposit:
[05-Sep-2025 09:52:07 Asia/Kolkata] Array
(
    [fee_category] => fees
    [student_fees_master_id] => 44
    [fee_groups_feetype_id] => 27
    [student_session_id] => 
    [amount_detail] => Array
        (
            [amount] => 2
            [amount_discount] => 0
            [amount_fine] => 0
            [date] => 2025-09-05
            [description] => 
            [collected_by] => Super Admin(9000)
            [payment_mode] => Cash
            [received_by] => 1
        )

)

[05-Sep-2025 09:52:07 Asia/Kolkata] Amount detail structure:
[05-Sep-2025 09:52:07 Asia/Kolkata] Array
(
    [amount] => 2
    [amount_discount] => 0
    [amount_fine] => 0
    [date] => 2025-09-05
    [description] => 
    [collected_by] => Super Admin(9000)
    [payment_mode] => Cash
    [received_by] => 1
)

[05-Sep-2025 09:52:07 Asia/Kolkata] Amount value: 2
[05-Sep-2025 09:52:07 Asia/Kolkata] Amount type: double
[05-Sep-2025 09:52:07 Asia/Kolkata] === BEFORE JSON ENCODING ===
[05-Sep-2025 09:52:07 Asia/Kolkata] Amount detail before encoding:
[05-Sep-2025 09:52:07 Asia/Kolkata] Array
(
    [amount] => 2
    [amount_discount] => 0
    [amount_fine] => 0
    [date] => 2025-09-05
    [description] => 
    [collected_by] => Super Admin(9000)
    [payment_mode] => Cash
    [received_by] => 1
    [inv_no] => 1
)

[05-Sep-2025 09:52:07 Asia/Kolkata] === AFTER JSON ENCODING ===
[05-Sep-2025 09:52:07 Asia/Kolkata] Final JSON string: {"1":{"amount":2,"amount_discount":0,"amount_fine":0,"date":"2025-09-05","description":"","collected_by":"Super Admin(9000)","payment_mode":"Cash","received_by":"1","inv_no":1}}
[05-Sep-2025 09:52:07 Asia/Kolkata] === AFTER INSERT ===
[05-Sep-2025 09:52:07 Asia/Kolkata] Inserted ID: 57
[05-Sep-2025 09:52:07 Asia/Kolkata] Last query: INSERT INTO `student_fees_deposite` (`student_fees_master_id`, `fee_groups_feetype_id`, `student_session_id`, `amount_detail`) VALUES ('44', '27', NULL, '{\"1\":{\"amount\":2,\"amount_discount\":0,\"amount_fine\":0,\"date\":\"2025-09-05\",\"description\":\"\",\"collected_by\":\"Super Admin(9000)\",\"payment_mode\":\"Cash\",\"received_by\":\"1\",\"inv_no\":1}}')
[05-Sep-2025 09:54:49 Asia/Kolkata] === CURRENCY CONVERSION DEBUG ===
[05-Sep-2025 09:54:49 Asia/Kolkata] Input amount: 3
[05-Sep-2025 09:54:49 Asia/Kolkata] Currency price from getSchoolCurrencyPrice(): 1
[05-Sep-2025 09:54:49 Asia/Kolkata] Currency price type: string
[05-Sep-2025 09:54:49 Asia/Kolkata] ✅ CURRENCY DEBUG: Base price is 1, no conversion needed. Amount: 3 -> 3
[05-Sep-2025 09:54:49 Asia/Kolkata] === CURRENCY CONVERSION DEBUG ===
[05-Sep-2025 09:54:49 Asia/Kolkata] Input amount: 0
[05-Sep-2025 09:54:49 Asia/Kolkata] Currency price from getSchoolCurrencyPrice(): 1
[05-Sep-2025 09:54:49 Asia/Kolkata] Currency price type: string
[05-Sep-2025 09:54:49 Asia/Kolkata] ✅ CURRENCY DEBUG: Base price is 1, no conversion needed. Amount: 0 -> 0
[05-Sep-2025 09:54:49 Asia/Kolkata] === CURRENCY CONVERSION DEBUG ===
[05-Sep-2025 09:54:49 Asia/Kolkata] Input amount: 0
[05-Sep-2025 09:54:49 Asia/Kolkata] Currency price from getSchoolCurrencyPrice(): 1
[05-Sep-2025 09:54:49 Asia/Kolkata] Currency price type: string
[05-Sep-2025 09:54:49 Asia/Kolkata] ✅ CURRENCY DEBUG: Base price is 1, no conversion needed. Amount: 0 -> 0
[05-Sep-2025 09:54:49 Asia/Kolkata] === CONTROLLER DEBUG START ===
[05-Sep-2025 09:54:49 Asia/Kolkata] Raw input amounts:
[05-Sep-2025 09:54:49 Asia/Kolkata] Raw amount: 3
[05-Sep-2025 09:54:49 Asia/Kolkata] Raw discount: 0
[05-Sep-2025 09:54:49 Asia/Kolkata] Raw fine: 0.00
[05-Sep-2025 09:54:49 Asia/Kolkata] Final amounts after conversion:
[05-Sep-2025 09:54:49 Asia/Kolkata] Final amount: 3
[05-Sep-2025 09:54:49 Asia/Kolkata] Final discount: 0
[05-Sep-2025 09:54:49 Asia/Kolkata] Final fine: 0
[05-Sep-2025 09:54:49 Asia/Kolkata] JSON array created:
[05-Sep-2025 09:54:49 Asia/Kolkata] Array
(
    [amount] => 3
    [amount_discount] => 0
    [amount_fine] => 0
    [date] => 2025-09-05
    [description] => 
    [collected_by] => Super Admin(9000)
    [payment_mode] => Cash
    [received_by] => 1
)

[05-Sep-2025 09:54:49 Asia/Kolkata] === COMPREHENSIVE ADVANCE PAYMENT DEBUG ===
[05-Sep-2025 09:54:49 Asia/Kolkata] Raw input amount: "3"
[05-Sep-2025 09:54:49 Asia/Kolkata] Final amount after conversion: 3
[05-Sep-2025 09:54:49 Asia/Kolkata] Original amount for advance calc: 3
[05-Sep-2025 09:54:49 Asia/Kolkata] Available advance balance: 40000
[05-Sep-2025 09:54:49 Asia/Kolkata] Student session ID: 8
[05-Sep-2025 09:54:49 Asia/Kolkata] min(advance_balance, original_amount) = min(40000, 3) = 3
[05-Sep-2025 09:54:49 Asia/Kolkata] === CORRECTED ADVANCE PAYMENT LOGIC ===
[05-Sep-2025 09:54:49 Asia/Kolkata] Original fee amount: 3
[05-Sep-2025 09:54:49 Asia/Kolkata] Advance balance available: 40000
[05-Sep-2025 09:54:49 Asia/Kolkata] Advance to apply: 3
[05-Sep-2025 09:54:49 Asia/Kolkata] Cash required from user: 0
[05-Sep-2025 09:54:49 Asia/Kolkata] ✅ FIXED: JSON array amount set to ORIGINAL AMOUNT: 3
[05-Sep-2025 09:54:49 Asia/Kolkata] ✅ FIXED: Advance applied: 3
[05-Sep-2025 09:54:49 Asia/Kolkata] ✅ FIXED: Cash required: 0
[05-Sep-2025 09:54:49 Asia/Kolkata] ✅ CORRECT: Fee collection shows full amount (3) with advance tracking
[05-Sep-2025 09:54:49 Asia/Kolkata] === FEE DEPOSIT DEBUG START ===
[05-Sep-2025 09:54:49 Asia/Kolkata] Input data to fee_deposit:
[05-Sep-2025 09:54:49 Asia/Kolkata] Array
(
    [fee_category] => fees
    [student_fees_master_id] => 44
    [fee_groups_feetype_id] => 27
    [student_session_id] => 
    [amount_detail] => Array
        (
            [amount] => 3
            [amount_discount] => 0
            [amount_fine] => 0
            [date] => 2025-09-05
            [description] => 
            [collected_by] => Super Admin(9000)
            [payment_mode] => Cash
            [received_by] => 1
            [advance_applied] => 3
            [original_amount] => 3
            [cash_required] => 0
        )

)

[05-Sep-2025 09:54:49 Asia/Kolkata] Amount detail structure:
[05-Sep-2025 09:54:49 Asia/Kolkata] Array
(
    [amount] => 3
    [amount_discount] => 0
    [amount_fine] => 0
    [date] => 2025-09-05
    [description] => 
    [collected_by] => Super Admin(9000)
    [payment_mode] => Cash
    [received_by] => 1
    [advance_applied] => 3
    [original_amount] => 3
    [cash_required] => 0
)

[05-Sep-2025 09:54:49 Asia/Kolkata] Amount value: 3
[05-Sep-2025 09:54:49 Asia/Kolkata] Amount type: double
[05-Sep-2025 09:54:49 Asia/Kolkata] === BEFORE JSON ENCODING ===
[05-Sep-2025 09:54:49 Asia/Kolkata] Amount detail before encoding:
[05-Sep-2025 09:54:49 Asia/Kolkata] Array
(
    [amount] => 3
    [amount_discount] => 0
    [amount_fine] => 0
    [date] => 2025-09-05
    [description] => 
    [collected_by] => Super Admin(9000)
    [payment_mode] => Cash
    [received_by] => 1
    [advance_applied] => 3
    [original_amount] => 3
    [cash_required] => 0
    [inv_no] => 1
)

[05-Sep-2025 09:54:49 Asia/Kolkata] === AFTER JSON ENCODING ===
[05-Sep-2025 09:54:49 Asia/Kolkata] Final JSON string: {"1":{"amount":3,"amount_discount":0,"amount_fine":0,"date":"2025-09-05","description":"","collected_by":"Super Admin(9000)","payment_mode":"Cash","received_by":"1","advance_applied":3,"original_amount":3,"cash_required":0,"inv_no":1}}
[05-Sep-2025 09:54:49 Asia/Kolkata] === AFTER INSERT ===
[05-Sep-2025 09:54:49 Asia/Kolkata] Inserted ID: 58
[05-Sep-2025 09:54:49 Asia/Kolkata] Last query: INSERT INTO `student_fees_deposite` (`student_fees_master_id`, `fee_groups_feetype_id`, `student_session_id`, `amount_detail`) VALUES ('44', '27', NULL, '{\"1\":{\"amount\":3,\"amount_discount\":0,\"amount_fine\":0,\"date\":\"2025-09-05\",\"description\":\"\",\"collected_by\":\"Super Admin(9000)\",\"payment_mode\":\"Cash\",\"received_by\":\"1\",\"advance_applied\":3,\"original_amount\":3,\"cash_required\":0,\"inv_no\":1}}')
[09-Sep-2025 10:22:42 Asia/Kolkata] === CURRENCY CONVERSION DEBUG ===
[09-Sep-2025 10:22:42 Asia/Kolkata] Input amount: 200
[09-Sep-2025 10:22:42 Asia/Kolkata] Currency price from getSchoolCurrencyPrice(): 1
[09-Sep-2025 10:22:43 Asia/Kolkata] Currency price type: string
[09-Sep-2025 10:22:43 Asia/Kolkata] ✅ CURRENCY DEBUG: Base price is 1, no conversion needed. Amount: 200 -> 200
[09-Sep-2025 10:22:43 Asia/Kolkata] === CURRENCY CONVERSION DEBUG ===
[09-Sep-2025 10:22:43 Asia/Kolkata] Input amount: 0
[09-Sep-2025 10:22:43 Asia/Kolkata] Currency price from getSchoolCurrencyPrice(): 1
[09-Sep-2025 10:22:43 Asia/Kolkata] Currency price type: string
[09-Sep-2025 10:22:43 Asia/Kolkata] ✅ CURRENCY DEBUG: Base price is 1, no conversion needed. Amount: 0 -> 0
[09-Sep-2025 10:22:43 Asia/Kolkata] === CURRENCY CONVERSION DEBUG ===
[09-Sep-2025 10:22:43 Asia/Kolkata] Input amount: 0
[09-Sep-2025 10:22:43 Asia/Kolkata] Currency price from getSchoolCurrencyPrice(): 1
[09-Sep-2025 10:22:43 Asia/Kolkata] Currency price type: string
[09-Sep-2025 10:22:43 Asia/Kolkata] ✅ CURRENCY DEBUG: Base price is 1, no conversion needed. Amount: 0 -> 0
[09-Sep-2025 10:22:43 Asia/Kolkata] === CONTROLLER DEBUG START ===
[09-Sep-2025 10:22:43 Asia/Kolkata] Raw input amounts:
[09-Sep-2025 10:22:43 Asia/Kolkata] Raw amount: 200
[09-Sep-2025 10:22:43 Asia/Kolkata] Raw discount: 0
[09-Sep-2025 10:22:43 Asia/Kolkata] Raw fine: 0.00
[09-Sep-2025 10:22:43 Asia/Kolkata] Final amounts after conversion:
[09-Sep-2025 10:22:43 Asia/Kolkata] Final amount: 200
[09-Sep-2025 10:22:43 Asia/Kolkata] Final discount: 0
[09-Sep-2025 10:22:43 Asia/Kolkata] Final fine: 0
[09-Sep-2025 10:22:43 Asia/Kolkata] JSON array created:
[09-Sep-2025 10:22:43 Asia/Kolkata] Array
(
    [amount] => 200
    [amount_discount] => 0
    [amount_fine] => 0
    [date] => 2025-09-09
    [description] => 
    [collected_by] => Super Admin(9000)
    [payment_mode] => Cash
    [received_by] => 1
)

[09-Sep-2025 10:22:43 Asia/Kolkata] === COMPREHENSIVE ADVANCE PAYMENT DEBUG ===
[09-Sep-2025 10:22:43 Asia/Kolkata] Raw input amount: "200"
[09-Sep-2025 10:22:43 Asia/Kolkata] Final amount after conversion: 200
[09-Sep-2025 10:22:43 Asia/Kolkata] Original amount for advance calc: 200
[09-Sep-2025 10:22:43 Asia/Kolkata] Available advance balance: 0
[09-Sep-2025 10:22:43 Asia/Kolkata] Student session ID: 1057
[09-Sep-2025 10:22:43 Asia/Kolkata] min(advance_balance, original_amount) = min(0, 200) = 0
[09-Sep-2025 10:22:43 Asia/Kolkata] ❌ Advance payment NOT applied because:
[09-Sep-2025 10:22:43 Asia/Kolkata] advance_balance > 0: FALSE
[09-Sep-2025 10:22:43 Asia/Kolkata] original_amount > 0: TRUE
[09-Sep-2025 10:22:43 Asia/Kolkata] === FEE DEPOSIT DEBUG START ===
[09-Sep-2025 10:22:43 Asia/Kolkata] Input data to fee_deposit:
[09-Sep-2025 10:22:43 Asia/Kolkata] Array
(
    [fee_category] => fees
    [student_fees_master_id] => 1681
    [fee_groups_feetype_id] => 27
    [student_session_id] => 
    [amount_detail] => Array
        (
            [amount] => 200
            [amount_discount] => 0
            [amount_fine] => 0
            [date] => 2025-09-09
            [description] => 
            [collected_by] => Super Admin(9000)
            [payment_mode] => Cash
            [received_by] => 1
        )

)

[09-Sep-2025 10:22:43 Asia/Kolkata] Amount detail structure:
[09-Sep-2025 10:22:43 Asia/Kolkata] Array
(
    [amount] => 200
    [amount_discount] => 0
    [amount_fine] => 0
    [date] => 2025-09-09
    [description] => 
    [collected_by] => Super Admin(9000)
    [payment_mode] => Cash
    [received_by] => 1
)

[09-Sep-2025 10:22:43 Asia/Kolkata] Amount value: 200
[09-Sep-2025 10:22:43 Asia/Kolkata] Amount type: double
[09-Sep-2025 10:22:43 Asia/Kolkata] === BEFORE JSON ENCODING ===
[09-Sep-2025 10:22:43 Asia/Kolkata] Amount detail before encoding:
[09-Sep-2025 10:22:43 Asia/Kolkata] Array
(
    [amount] => 200
    [amount_discount] => 0
    [amount_fine] => 0
    [date] => 2025-09-09
    [description] => 
    [collected_by] => Super Admin(9000)
    [payment_mode] => Cash
    [received_by] => 1
    [inv_no] => 1
)

[09-Sep-2025 10:22:43 Asia/Kolkata] === AFTER JSON ENCODING ===
[09-Sep-2025 10:22:43 Asia/Kolkata] Final JSON string: {"1":{"amount":200,"amount_discount":0,"amount_fine":0,"date":"2025-09-09","description":"","collected_by":"Super Admin(9000)","payment_mode":"Cash","received_by":"1","inv_no":1}}
[09-Sep-2025 10:22:43 Asia/Kolkata] === AFTER INSERT ===
[09-Sep-2025 10:22:43 Asia/Kolkata] Inserted ID: 62
[09-Sep-2025 10:22:43 Asia/Kolkata] Last query: INSERT INTO `student_fees_deposite` (`student_fees_master_id`, `fee_groups_feetype_id`, `student_session_id`, `amount_detail`) VALUES ('1681', '27', NULL, '{\"1\":{\"amount\":200,\"amount_discount\":0,\"amount_fine\":0,\"date\":\"2025-09-09\",\"description\":\"\",\"collected_by\":\"Super Admin(9000)\",\"payment_mode\":\"Cash\",\"received_by\":\"1\",\"inv_no\":1}}')
